// Jest Snapshot v1, https://goo.gl/fbAQLP

exports[`Snapshot Test for Rendering AppButton Component Snapshot of AppButton Component with Navigation Props 1`] = `
<AppButton
  disabled={false}
  handleClick={[MockFunction]}
  isLoading={false}
  name="buttonText"
  navigation={
    {
      "addListener": [MockFunction],
      "dispatch": [MockFunction],
      "getState": [MockFunction],
      "goBack": [MockFunction],
      "isFocused": [Function],
      "navigate": [MockFunction],
      "replace": [MockFunction],
    }
  }
/>
`;
