// Jest Snapshot v1, https://goo.gl/fbAQLP

exports[`Snapshot Testcase for Rendering AppBackground Component AppBackground component Snapshot 1`] = `
<AppBackground>
  <View
    accessibilityIgnoresInvertColors={true}
  >
    <Image
      style={
        [
          {
            "bottom": 0,
            "left": 0,
            "position": "absolute",
            "right": 0,
            "top": 0,
          },
          {
            "height": undefined,
            "width": undefined,
          },
          undefined,
        ]
      }
    />
  </View>
</AppBackground>
`;
